// Jest Snapshot v1, https://goo.gl/fbAQLP

exports[`post list component should match snapshot 1`] = `
<Provider
  store={
    Object {
      "@@observable": [Function],
      "dispatch": [Function],
      "getState": [Function],
      "replaceReducer": [Function],
      "subscribe": [Function],
    }
  }
>
  <BrowserRouter>
    <Router
      history={
        Object {
          "action": "POP",
          "block": [Function],
          "createHref": [Function],
          "go": [Function],
          "goBack": [Function],
          "goForward": [Function],
          "length": 1,
          "listen": [Function],
          "location": Object {
            "hash": "",
            "pathname": "/",
            "search": "",
            "state": undefined,
          },
          "push": [Function],
          "replace": [Function],
        }
      }
    >
      <PostListPage>
        <PostListTemplate>
          <Header>
            <styled.div>
              <div
                className="sc-eCstlR eosEnN"
              >
                <Styled(Responsive)>
                  <Responsive
                    className="sc-jSgvzq gnxYRS"
                  >
                    <styled.div
                      className="sc-jSgvzq gnxYRS"
                    >
                      <div
                        className="sc-bdfBQB cPQyqM sc-jSgvzq gnxYRS"
                      >
                        <Link
                          className="logo"
                          to="/"
                        >
                          <LinkAnchor
                            className="logo"
                            href="/"
                            navigate={[Function]}
                          >
                            <a
                              className="logo"
                              href="/"
                              onClick={[Function]}
                            >
                              <span
                                className="post-list-header"
                              >
                                REACTERS
                              </span>
                            </a>
                          </LinkAnchor>
                        </Link>
                        <div
                          className="right"
                        >
                          <CommonButton
                            to="/login"
                          >
                            <Styled(Link)
                              to="/login"
                            >
                              <Link
                                className="sc-dlfnuX gwwbGh"
                                to="/login"
                              >
                                <LinkAnchor
                                  className="sc-dlfnuX gwwbGh"
                                  href="/login"
                                  navigate={[Function]}
                                >
                                  <a
                                    className="sc-dlfnuX gwwbGh"
                                    href="/login"
                                    onClick={[Function]}
                                  >
                                    로그인
                                  </a>
                                </LinkAnchor>
                              </Link>
                            </Styled(Link)>
                          </CommonButton>
                        </div>
                      </div>
                    </styled.div>
                  </Responsive>
                </Styled(Responsive)>
              </div>
            </styled.div>
          </Header>
          <withRouter(PostListArea)>
            <PostListArea
              history={
                Object {
                  "action": "POP",
                  "block": [Function],
                  "createHref": [Function],
                  "go": [Function],
                  "goBack": [Function],
                  "goForward": [Function],
                  "length": 1,
                  "listen": [Function],
                  "location": Object {
                    "hash": "",
                    "pathname": "/",
                    "search": "",
                    "state": undefined,
                  },
                  "push": [Function],
                  "replace": [Function],
                }
              }
              location={
                Object {
                  "hash": "",
                  "pathname": "/",
                  "search": "",
                  "state": undefined,
                }
              }
              match={
                Object {
                  "isExact": true,
                  "params": Object {},
                  "path": "/",
                  "url": "/",
                }
              }
            >
              <Styled(Responsive)>
                <Responsive
                  className="sc-dQoVA eLMyWI"
                >
                  <styled.div
                    className="sc-dQoVA eLMyWI"
                  >
                    <div
                      className="sc-bdfBQB cPQyqM sc-dQoVA eLMyWI"
                    >
                      <styled.div>
                        <div
                          className="sc-bqyKOL fNwuQZ"
                        />
                      </styled.div>
                    </div>
                  </styled.div>
                </Responsive>
              </Styled(Responsive)>
            </PostListArea>
          </withRouter(PostListArea)>
          <withRouter(Pagination)>
            <Pagination
              history={
                Object {
                  "action": "POP",
                  "block": [Function],
                  "createHref": [Function],
                  "go": [Function],
                  "goBack": [Function],
                  "goForward": [Function],
                  "length": 1,
                  "listen": [Function],
                  "location": Object {
                    "hash": "",
                    "pathname": "/",
                    "search": "",
                    "state": undefined,
                  },
                  "push": [Function],
                  "replace": [Function],
                }
              }
              location={
                Object {
                  "hash": "",
                  "pathname": "/",
                  "search": "",
                  "state": undefined,
                }
              }
              match={
                Object {
                  "isExact": true,
                  "params": Object {},
                  "path": "/",
                  "url": "/",
                }
              }
            />
          </withRouter(Pagination)>
        </PostListTemplate>
      </PostListPage>
    </Router>
  </BrowserRouter>
</Provider>
`;
