// Jest Snapshot v1, https://goo.gl/fbAQLP

exports[`register component should match snapshot 1`] = `
<Provider
  store={
    Object {
      "clearActions": [Function],
      "dispatch": [Function],
      "getActions": [Function],
      "getState": [Function],
      "replaceReducer": [Function],
      "subscribe": [Function],
    }
  }
>
  <BrowserRouter>
    <Router
      history={
        Object {
          "action": "POP",
          "block": [Function],
          "createHref": [Function],
          "go": [Function],
          "goBack": [Function],
          "goForward": [Function],
          "length": 1,
          "listen": [Function],
          "location": Object {
            "hash": "",
            "pathname": "/",
            "search": "",
            "state": undefined,
          },
          "push": [Function],
          "replace": [Function],
        }
      }
    >
      <RegisterPage
        type={1}
      >
        <AuthTemplate>
          <styled.div>
            <div
              className="sc-bdfBQB binGTg"
            >
              <styled.div>
                <div
                  className="sc-gsTEea dahxES"
                >
                  <div
                    className="logo-area"
                  >
                    <Link
                      to="/"
                    >
                      <LinkAnchor
                        href="/"
                        navigate={[Function]}
                      >
                        <a
                          href="/"
                          onClick={[Function]}
                        >
                          REACTERS
                        </a>
                      </LinkAnchor>
                    </Link>
                  </div>
                  <withRouter(AuthArea)
                    type={1}
                  >
                    <AuthArea
                      history={
                        Object {
                          "action": "POP",
                          "block": [Function],
                          "createHref": [Function],
                          "go": [Function],
                          "goBack": [Function],
                          "goForward": [Function],
                          "length": 1,
                          "listen": [Function],
                          "location": Object {
                            "hash": "",
                            "pathname": "/",
                            "search": "",
                            "state": undefined,
                          },
                          "push": [Function],
                          "replace": [Function],
                        }
                      }
                      location={
                        Object {
                          "hash": "",
                          "pathname": "/",
                          "search": "",
                          "state": undefined,
                        }
                      }
                      match={
                        Object {
                          "isExact": true,
                          "params": Object {},
                          "path": "/",
                          "url": "/",
                        }
                      }
                      type={1}
                    >
                      <styled.div>
                        <div
                          className="sc-pGacB cfKvFf"
                        >
                          <h3>
                            회원가입
                          </h3>
                          <AuthForm
                            error=""
                            onChange={[Function]}
                            onSubmit={[Function]}
                            type={1}
                          >
                            <form>
                              <AuthInput
                                autoComplete="username"
                                name="username"
                                onChange={[Function]}
                                placeholder="아이디"
                                type="text"
                              >
                                <styled.input
                                  autoComplete="username"
                                  name="username"
                                  onChange={[Function]}
                                  placeholder="아이디"
                                  type="text"
                                >
                                  <input
                                    autoComplete="username"
                                    className="sc-dlfnuX hrdAtQ"
                                    name="username"
                                    onChange={[Function]}
                                    placeholder="아이디"
                                    type="text"
                                  />
                                </styled.input>
                              </AuthInput>
                              <AuthInput
                                autoComplete="new-password"
                                name="password"
                                onChange={[Function]}
                                placeholder="비밀번호"
                                type="password"
                              >
                                <styled.input
                                  autoComplete="new-password"
                                  name="password"
                                  onChange={[Function]}
                                  placeholder="비밀번호"
                                  type="password"
                                >
                                  <input
                                    autoComplete="new-password"
                                    className="sc-dlfnuX hrdAtQ"
                                    name="password"
                                    onChange={[Function]}
                                    placeholder="비밀번호"
                                    type="password"
                                  />
                                </styled.input>
                              </AuthInput>
                              <AuthInput
                                autoComplete="new-password"
                                name="passwordConfirm"
                                onChange={[Function]}
                                placeholder="비밀번호 확인"
                                type="password"
                              >
                                <styled.input
                                  autoComplete="new-password"
                                  name="passwordConfirm"
                                  onChange={[Function]}
                                  placeholder="비밀번호 확인"
                                  type="password"
                                >
                                  <input
                                    autoComplete="new-password"
                                    className="sc-dlfnuX hrdAtQ"
                                    name="passwordConfirm"
                                    onChange={[Function]}
                                    placeholder="비밀번호 확인"
                                    type="password"
                                  />
                                </styled.input>
                              </AuthInput>
                              <CommonButton
                                cyan={true}
                                fullWidth={true}
                                onClick={[Function]}
                                style={
                                  Object {
                                    "marginTop": "1rem",
                                  }
                                }
                              >
                                <styled.button
                                  cyan={true}
                                  fullWidth={true}
                                  onClick={[Function]}
                                  style={
                                    Object {
                                      "marginTop": "1rem",
                                    }
                                  }
                                >
                                  <button
                                    className="sc-jSgvzq byYyrh"
                                    onClick={[Function]}
                                    style={
                                      Object {
                                        "marginTop": "1rem",
                                      }
                                    }
                                  >
                                    회원가입
                                  </button>
                                </styled.button>
                              </CommonButton>
                            </form>
                            <AuthFooter>
                              <styled.div>
                                <div
                                  className="sc-eCstlR kpGOUC"
                                >
                                  <Link
                                    to="/login"
                                  >
                                    <LinkAnchor
                                      href="/login"
                                      navigate={[Function]}
                                    >
                                      <a
                                        href="/login"
                                        onClick={[Function]}
                                      >
                                        로그인
                                      </a>
                                    </LinkAnchor>
                                  </Link>
                                </div>
                              </styled.div>
                            </AuthFooter>
                          </AuthForm>
                        </div>
                      </styled.div>
                    </AuthArea>
                  </withRouter(AuthArea)>
                </div>
              </styled.div>
            </div>
          </styled.div>
        </AuthTemplate>
      </RegisterPage>
    </Router>
  </BrowserRouter>
</Provider>
`;
