// Jest Snapshot v1, https://goo.gl/fbAQLP

exports[`enzyme saga test should match snapshot 1`] = `
<Provider
  store={
    Object {
      "clearActions": [Function],
      "dispatch": [Function],
      "getActions": [Function],
      "getState": [Function],
      "replaceReducer": [Function],
      "subscribe": [Function],
    }
  }
>
  <Posts>
    <div>
      <div
        key="0"
      >
        <div>
          2
        </div>
        <div>
          2
        </div>
        <div>
          2
        </div>
        <div>
          22
        </div>
      </div>
    </div>
  </Posts>
</Provider>
`;
